I'm sorry, but errors were detected in your script. Please correct the
errors listed below, and try again.


File "game/script.rpy", line 42: end of line expected.
    show ashleigh shocked with dissolve at right
                                        ^

Ren'Py Version: Ren'Py 7.3.5.606
Sat Feb  1 17:04:43 2020
